OpenJDK 64-Bit Server VM (25.275-b01) for linux-amd64 JRE (1.8.0_275-8u275-b01-0ubuntu1~18.04-b01), built on Nov  9 2020 02:38:58 by "buildd" with gcc 7.5.0
Memory: 4k page, physical 8049108k(2631164k free), swap 2097148k(2034940k free)
CommandLine flags: -XX:+ExplicitGCInvokesConcurrent -XX:GCLogFileSize=104857600 -XX:InitialHeapSize=1073741824 -XX:InitiatingHeapOccupancyPercent=35 -XX:+ManagementServer -XX:MaxGCPauseMillis=20 -XX:MaxHeapSize=1073741824 -XX:NumberOfGCLogFiles=10 -XX:+PrintGC -XX:+PrintGCDateStamps -XX:+PrintGCDetails -XX:+PrintGCTimeStamps -XX:+UseCompressedClassPointers -XX:+UseCompressedOops -XX:+UseG1GC -XX:+UseGCLogFileRotation 
<<<<<<< HEAD
2021-01-01T17:40:12.875+0100: 0,787: [GC pause (G1 Evacuation Pause) (young), 0,0071927 secs]
   [Parallel Time: 3,2 ms, GC Workers: 8]
      [GC Worker Start (ms): Min: 786,9, Avg: 787,0, Max: 787,0, Diff: 0,1]
      [Ext Root Scanning (ms): Min: 0,2, Avg: 0,5, Max: 1,8, Diff: 1,7, Sum: 4,0]
      [Update RS (ms): Min: 0,0, Avg: 0,0, Max: 0,0, Diff: 0,0, Sum: 0,0]
         [Processed Buffers: Min: 0, Avg: 0,0, Max: 0, Diff: 0, Sum: 0]
      [Scan RS (ms): Min: 0,0, Avg: 0,0, Max: 0,0, Diff: 0,0, Sum: 0,1]
      [Code Root Scanning (ms): Min: 0,0, Avg: 0,1, Max: 0,4, Diff: 0,4, Sum: 0,8]
      [Object Copy (ms): Min: 1,0, Avg: 2,1, Max: 2,4, Diff: 1,5, Sum: 17,1]
      [Termination (ms): Min: 0,0, Avg: 0,0, Max: 0,0, Diff: 0,0, Sum: 0,3]
         [Termination Attempts: Min: 1, Avg: 60,2, Max: 79, Diff: 78, Sum: 482]
      [GC Worker Other (ms): Min: 0,0, Avg: 0,0, Max: 0,0, Diff: 0,0, Sum: 0,1]
      [GC Worker Total (ms): Min: 2,8, Avg: 2,8, Max: 2,8, Diff: 0,1, Sum: 22,3]
      [GC Worker End (ms): Min: 789,8, Avg: 789,8, Max: 789,8, Diff: 0,0]
   [Code Root Fixup: 0,0 ms]
   [Code Root Purge: 0,0 ms]
   [Clear CT: 0,4 ms]
   [Other: 3,5 ms]
      [Choose CSet: 0,0 ms]
      [Ref Proc: 2,8 ms]
      [Ref Enq: 0,0 ms]
      [Redirty Cards: 0,5 ms]
      [Humongous Register: 0,0 ms]
      [Humongous Reclaim: 0,0 ms]
      [Free CSet: 0,0 ms]
   [Eden: 52224,0K(52224,0K)->0,0B(45056,0K) Survivors: 0,0B->7168,0K Heap: 52224,0K(1024,0M)->8781,5K(1024,0M)]
 [Times: user=0,02 sys=0,00, real=0,01 secs] 
2021-01-01T17:40:13.005+0100: 0,917: [GC pause (Metadata GC Threshold) (young) (initial-mark), 0,0056725 secs]
   [Parallel Time: 2,7 ms, GC Workers: 8]
      [GC Worker Start (ms): Min: 916,7, Avg: 916,8, Max: 916,9, Diff: 0,2]
      [Ext Root Scanning (ms): Min: 0,5, Avg: 0,6, Max: 0,7, Diff: 0,2, Sum: 4,8]
      [Update RS (ms): Min: 0,0, Avg: 0,0, Max: 0,2, Diff: 0,2, Sum: 0,3]
         [Processed Buffers: Min: 0, Avg: 0,2, Max: 1, Diff: 1, Sum: 2]
      [Scan RS (ms): Min: 0,0, Avg: 0,0, Max: 0,0, Diff: 0,0, Sum: 0,0]
      [Code Root Scanning (ms): Min: 0,0, Avg: 0,1, Max: 0,7, Diff: 0,7, Sum: 0,7]
      [Object Copy (ms): Min: 1,1, Avg: 1,8, Max: 1,9, Diff: 0,8, Sum: 14,1]
      [Termination (ms): Min: 0,0, Avg: 0,0, Max: 0,0, Diff: 0,0, Sum: 0,0]
         [Termination Attempts: Min: 1, Avg: 4,0, Max: 6, Diff: 5, Sum: 32]
      [GC Worker Other (ms): Min: 0,0, Avg: 0,0, Max: 0,0, Diff: 0,0, Sum: 0,1]
      [GC Worker Total (ms): Min: 2,4, Avg: 2,5, Max: 2,6, Diff: 0,2, Sum: 20,0]
      [GC Worker End (ms): Min: 919,3, Avg: 919,3, Max: 919,3, Diff: 0,0]
   [Code Root Fixup: 0,1 ms]
   [Code Root Purge: 0,0 ms]
   [Clear CT: 0,3 ms]
   [Other: 2,6 ms]
      [Choose CSet: 0,0 ms]
      [Ref Proc: 2,3 ms]
      [Ref Enq: 0,0 ms]
      [Redirty Cards: 0,2 ms]
      [Humongous Register: 0,0 ms]
      [Humongous Reclaim: 0,0 ms]
      [Free CSet: 0,0 ms]
   [Eden: 17408,0K(45056,0K)->0,0B(45056,0K) Survivors: 7168,0K->7168,0K Heap: 26189,5K(1024,0M)->10180,5K(1024,0M)]
 [Times: user=0,02 sys=0,00, real=0,01 secs] 
2021-01-01T17:40:13.011+0100: 0,922: [GC concurrent-root-region-scan-start]
2021-01-01T17:40:13.013+0100: 0,925: [GC concurrent-root-region-scan-end, 0,0022848 secs]
2021-01-01T17:40:13.013+0100: 0,925: [GC concurrent-mark-start]
2021-01-01T17:40:13.013+0100: 0,925: [GC concurrent-mark-end, 0,0005618 secs]
2021-01-01T17:40:13.014+0100: 0,925: [GC remark 2021-01-01T17:40:13.014+0100: 0,925: [Finalize Marking, 0,0013151 secs] 2021-01-01T17:40:13.015+0100: 0,927: [GC ref-proc, 0,0003249 secs] 2021-01-01T17:40:13.015+0100: 0,927: [Unloading, 0,0019225 secs], 0,0037309 secs]
 [Times: user=0,02 sys=0,00, real=0,01 secs] 
2021-01-01T17:40:13.017+0100: 0,929: [GC cleanup 10692K->9668K(1024M), 0,0006529 secs]
 [Times: user=0,01 sys=0,00, real=0,00 secs] 
2021-01-01T17:40:13.018+0100: 0,930: [GC concurrent-cleanup-start]
2021-01-01T17:40:13.018+0100: 0,930: [GC concurrent-cleanup-end, 0,0000079 secs]
2021-01-01T17:40:14.236+0100: 2,147: [GC pause (G1 Evacuation Pause) (young), 0,0076567 secs]
   [Parallel Time: 5,1 ms, GC Workers: 8]
      [GC Worker Start (ms): Min: 2147,5, Avg: 2147,6, Max: 2147,8, Diff: 0,2]
      [Ext Root Scanning (ms): Min: 0,2, Avg: 0,5, Max: 1,4, Diff: 1,3, Sum: 3,6]
      [Update RS (ms): Min: 0,0, Avg: 0,1, Max: 0,2, Diff: 0,2, Sum: 0,4]
         [Processed Buffers: Min: 0, Avg: 1,0, Max: 2, Diff: 2, Sum: 8]
      [Scan RS (ms): Min: 0,0, Avg: 0,0, Max: 0,0, Diff: 0,0, Sum: 0,0]
      [Code Root Scanning (ms): Min: 0,0, Avg: 1,6, Max: 4,4, Diff: 4,4, Sum: 12,9]
      [Object Copy (ms): Min: 0,2, Avg: 2,8, Max: 4,2, Diff: 4,0, Sum: 22,0]
      [Termination (ms): Min: 0,0, Avg: 0,1, Max: 0,1, Diff: 0,1, Sum: 0,4]
         [Termination Attempts: Min: 1, Avg: 92,8, Max: 142, Diff: 141, Sum: 742]
      [GC Worker Other (ms): Min: 0,0, Avg: 0,0, Max: 0,0, Diff: 0,0, Sum: 0,1]
      [GC Worker Total (ms): Min: 4,8, Avg: 4,9, Max: 5,0, Diff: 0,2, Sum: 39,4]
      [GC Worker End (ms): Min: 2152,6, Avg: 2152,6, Max: 2152,6, Diff: 0,0]
   [Code Root Fixup: 0,1 ms]
   [Code Root Purge: 0,0 ms]
   [Clear CT: 0,5 ms]
   [Other: 1,9 ms]
      [Choose CSet: 0,0 ms]
      [Ref Proc: 1,3 ms]
      [Ref Enq: 0,0 ms]
      [Redirty Cards: 0,4 ms]
      [Humongous Register: 0,0 ms]
      [Humongous Reclaim: 0,0 ms]
      [Free CSet: 0,1 ms]
   [Eden: 45056,0K(45056,0K)->0,0B(45056,0K) Survivors: 7168,0K->7168,0K Heap: 180,9M(1024,0M)->141,4M(1024,0M)]
 [Times: user=0,03 sys=0,00, real=0,00 secs] 
2021-01-01T17:40:14.623+0100: 2,534: [GC pause (G1 Evacuation Pause) (young), 0,0106164 secs]
   [Parallel Time: 7,8 ms, GC Workers: 8]
      [GC Worker Start (ms): Min: 2534,5, Avg: 2534,5, Max: 2534,5, Diff: 0,1]
      [Ext Root Scanning (ms): Min: 0,7, Avg: 2,1, Max: 5,5, Diff: 4,8, Sum: 16,8]
      [Update RS (ms): Min: 0,0, Avg: 0,8, Max: 5,1, Diff: 5,1, Sum: 6,5]
         [Processed Buffers: Min: 0, Avg: 2,6, Max: 8, Diff: 8, Sum: 21]
      [Scan RS (ms): Min: 0,0, Avg: 0,1, Max: 0,3, Diff: 0,3, Sum: 0,7]
      [Code Root Scanning (ms): Min: 0,0, Avg: 0,1, Max: 0,3, Diff: 0,3, Sum: 0,7]
      [Object Copy (ms): Min: 0,0, Avg: 2,1, Max: 4,1, Diff: 4,0, Sum: 16,6]
      [Termination (ms): Min: 0,0, Avg: 1,4, Max: 2,9, Diff: 2,9, Sum: 11,2]
         [Termination Attempts: Min: 1, Avg: 2,9, Max: 6, Diff: 5, Sum: 23]
      [GC Worker Other (ms): Min: 0,0, Avg: 0,0, Max: 0,0, Diff: 0,0, Sum: 0,0]
      [GC Worker Total (ms): Min: 6,1, Avg: 6,5, Max: 7,7, Diff: 1,6, Sum: 52,4]
      [GC Worker End (ms): Min: 2540,7, Avg: 2541,1, Max: 2542,2, Diff: 1,6]
   [Code Root Fixup: 0,0 ms]
   [Code Root Purge: 0,0 ms]
   [Clear CT: 0,4 ms]
   [Other: 2,4 ms]
      [Choose CSet: 0,0 ms]
      [Ref Proc: 1,9 ms]
      [Ref Enq: 0,0 ms]
      [Redirty Cards: 0,2 ms]
      [Humongous Register: 0,0 ms]
      [Humongous Reclaim: 0,0 ms]
      [Free CSet: 0,0 ms]
   [Eden: 45056,0K(45056,0K)->0,0B(45056,0K) Survivors: 7168,0K->7168,0K Heap: 185,4M(1024,0M)->147,4M(1024,0M)]
 [Times: user=0,02 sys=0,01, real=0,01 secs] 
2021-01-01T17:40:15.446+0100: 3,358: [GC pause (Metadata GC Threshold) (young) (initial-mark), 0,0085297 secs]
   [Parallel Time: 5,9 ms, GC Workers: 8]
      [GC Worker Start (ms): Min: 3358,2, Avg: 3358,3, Max: 3358,7, Diff: 0,5]
      [Ext Root Scanning (ms): Min: 0,5, Avg: 0,8, Max: 1,4, Diff: 0,9, Sum: 6,6]
      [Update RS (ms): Min: 0,0, Avg: 0,2, Max: 0,3, Diff: 0,3, Sum: 1,6]
         [Processed Buffers: Min: 0, Avg: 3,0, Max: 7, Diff: 7, Sum: 24]
      [Scan RS (ms): Min: 0,0, Avg: 0,1, Max: 0,2, Diff: 0,2, Sum: 0,9]
      [Code Root Scanning (ms): Min: 0,0, Avg: 1,1, Max: 4,0, Diff: 4,0, Sum: 8,6]
      [Object Copy (ms): Min: 0,0, Avg: 2,4, Max: 3,4, Diff: 3,4, Sum: 19,5]
      [Termination (ms): Min: 0,0, Avg: 0,6, Max: 1,2, Diff: 1,2, Sum: 5,1]
         [Termination Attempts: Min: 1, Avg: 10,9, Max: 17, Diff: 16, Sum: 87]
      [GC Worker Other (ms): Min: 0,0, Avg: 0,0, Max: 0,0, Diff: 0,0, Sum: 0,0]
      [GC Worker Total (ms): Min: 4,8, Avg: 5,3, Max: 5,7, Diff: 0,8, Sum: 42,3]
      [GC Worker End (ms): Min: 3363,5, Avg: 3363,6, Max: 3364,0, Diff: 0,4]
   [Code Root Fixup: 0,0 ms]
   [Code Root Purge: 0,0 ms]
   [Clear CT: 0,1 ms]
   [Other: 2,5 ms]
      [Choose CSet: 0,0 ms]
      [Ref Proc: 2,0 ms]
      [Ref Enq: 0,0 ms]
      [Redirty Cards: 0,1 ms]
      [Humongous Register: 0,0 ms]
      [Humongous Reclaim: 0,0 ms]
      [Free CSet: 0,1 ms]
   [Eden: 37888,0K(45056,0K)->0,0B(45056,0K) Survivors: 7168,0K->7168,0K Heap: 188,7M(1024,0M)->158,8M(1024,0M)]
 [Times: user=0,04 sys=0,00, real=0,01 secs] 
2021-01-01T17:40:15.455+0100: 3,367: [GC concurrent-root-region-scan-start]
2021-01-01T17:40:15.459+0100: 3,371: [GC concurrent-root-region-scan-end, 0,0042027 secs]
2021-01-01T17:40:15.459+0100: 3,371: [GC concurrent-mark-start]
2021-01-01T17:40:15.470+0100: 3,381: [GC concurrent-mark-end, 0,0105036 secs]
2021-01-01T17:40:15.472+0100: 3,383: [GC remark 2021-01-01T17:40:15.472+0100: 3,384: [Finalize Marking, 0,0015817 secs] 2021-01-01T17:40:15.473+0100: 3,385: [GC ref-proc, 0,0008670 secs] 2021-01-01T17:40:15.474+0100: 3,386: [Unloading, 0,0041890 secs], 0,0080718 secs]
 [Times: user=0,03 sys=0,00, real=0,01 secs] 
2021-01-01T17:40:15.480+0100: 3,392: [GC cleanup 164M->158M(1024M), 0,0009017 secs]
 [Times: user=0,01 sys=0,00, real=0,00 secs] 
2021-01-01T17:40:15.481+0100: 3,393: [GC concurrent-cleanup-start]
2021-01-01T17:40:15.481+0100: 3,393: [GC concurrent-cleanup-end, 0,0000168 secs]
2021-01-01T17:45:59.331+0100: 347,243: [GC pause (G1 Evacuation Pause) (young), 0,0105220 secs]
   [Parallel Time: 7,0 ms, GC Workers: 8]
      [GC Worker Start (ms): Min: 347242,9, Avg: 347243,0, Max: 347243,2, Diff: 0,3]
      [Ext Root Scanning (ms): Min: 0,1, Avg: 0,6, Max: 2,1, Diff: 2,0, Sum: 4,9]
      [Update RS (ms): Min: 0,0, Avg: 0,5, Max: 0,9, Diff: 0,9, Sum: 4,4]
         [Processed Buffers: Min: 0, Avg: 5,9, Max: 15, Diff: 15, Sum: 47]
      [Scan RS (ms): Min: 0,0, Avg: 0,3, Max: 0,6, Diff: 0,6, Sum: 2,6]
      [Code Root Scanning (ms): Min: 0,0, Avg: 1,0, Max: 5,3, Diff: 5,3, Sum: 7,9]
      [Object Copy (ms): Min: 0,2, Avg: 3,6, Max: 5,7, Diff: 5,5, Sum: 29,0]
      [Termination (ms): Min: 0,0, Avg: 0,6, Max: 0,8, Diff: 0,8, Sum: 5,0]
         [Termination Attempts: Min: 1, Avg: 1,0, Max: 1, Diff: 0, Sum: 8]
      [GC Worker Other (ms): Min: 0,0, Avg: 0,0, Max: 0,0, Diff: 0,0, Sum: 0,1]
      [GC Worker Total (ms): Min: 6,5, Avg: 6,7, Max: 6,8, Diff: 0,3, Sum: 53,8]
      [GC Worker End (ms): Min: 347249,5, Avg: 347249,7, Max: 347249,8, Diff: 0,3]
   [Code Root Fixup: 0,0 ms]
   [Code Root Purge: 0,0 ms]
   [Clear CT: 0,3 ms]
   [Other: 3,2 ms]
      [Choose CSet: 0,0 ms]
      [Ref Proc: 2,6 ms]
      [Ref Enq: 0,0 ms]
      [Redirty Cards: 0,2 ms]
      [Humongous Register: 0,0 ms]
      [Humongous Reclaim: 0,0 ms]
      [Free CSet: 0,1 ms]
   [Eden: 45056,0K(45056,0K)->0,0B(45056,0K) Survivors: 7168,0K->7168,0K Heap: 206,8M(1024,0M)->152,7M(1024,0M)]
 [Times: user=0,06 sys=0,00, real=0,01 secs] 
2021-01-01T17:54:08.560+0100: 836,472: [GC pause (G1 Evacuation Pause) (young), 0,0170475 secs]
   [Parallel Time: 12,3 ms, GC Workers: 8]
      [GC Worker Start (ms): Min: 836472,6, Avg: 836472,8, Max: 836473,0, Diff: 0,4]
      [Ext Root Scanning (ms): Min: 0,7, Avg: 1,1, Max: 2,6, Diff: 1,8, Sum: 9,0]
      [Update RS (ms): Min: 1,6, Avg: 2,0, Max: 2,5, Diff: 0,9, Sum: 16,2]
         [Processed Buffers: Min: 1, Avg: 6,0, Max: 17, Diff: 16, Sum: 48]
      [Scan RS (ms): Min: 0,2, Avg: 0,7, Max: 1,2, Diff: 1,0, Sum: 6,0]
      [Code Root Scanning (ms): Min: 0,0, Avg: 0,9, Max: 3,7, Diff: 3,7, Sum: 7,6]
      [Object Copy (ms): Min: 4,3, Avg: 7,0, Max: 7,9, Diff: 3,7, Sum: 56,3]
      [Termination (ms): Min: 0,0, Avg: 0,0, Max: 0,0, Diff: 0,0, Sum: 0,1]
         [Termination Attempts: Min: 1, Avg: 4,5, Max: 7, Diff: 6, Sum: 36]
      [GC Worker Other (ms): Min: 0,0, Avg: 0,0, Max: 0,0, Diff: 0,0, Sum: 0,2]
      [GC Worker Total (ms): Min: 11,8, Avg: 11,9, Max: 12,1, Diff: 0,4, Sum: 95,5]
      [GC Worker End (ms): Min: 836484,8, Avg: 836484,8, Max: 836484,8, Diff: 0,0]
   [Code Root Fixup: 0,1 ms]
   [Code Root Purge: 0,0 ms]
   [Clear CT: 0,7 ms]
   [Other: 4,0 ms]
      [Choose CSet: 0,0 ms]
      [Ref Proc: 2,5 ms]
      [Ref Enq: 0,0 ms]
      [Redirty Cards: 0,8 ms]
      [Humongous Register: 0,1 ms]
      [Humongous Reclaim: 0,0 ms]
      [Free CSet: 0,1 ms]
   [Eden: 45056,0K(45056,0K)->0,0B(45056,0K) Survivors: 7168,0K->7168,0K Heap: 196,7M(1024,0M)->152,5M(1024,0M)]
 [Times: user=0,10 sys=0,00, real=0,02 secs] 
=======
2021-01-01T17:18:39.504+0100: 1.287: [GC pause (G1 Evacuation Pause) (young), 0.0137112 secs]
   [Parallel Time: 6.8 ms, GC Workers: 4]
      [GC Worker Start (ms): Min: 1287.3, Avg: 1287.5, Max: 1288.0, Diff: 0.7]
      [Ext Root Scanning (ms): Min: 0.4, Avg: 1.4, Max: 2.1, Diff: 1.6, Sum: 5.5]
      [Update RS (ms): Min: 0.0, Avg: 0.0, Max: 0.0, Diff: 0.0, Sum: 0.0]
         [Processed Buffers: Min: 0, Avg: 0.0, Max: 0, Diff: 0, Sum: 0]
      [Scan RS (ms): Min: 0.0, Avg: 0.0, Max: 0.0, Diff: 0.0, Sum: 0.0]
      [Code Root Scanning (ms): Min: 0.0, Avg: 0.3, Max: 0.7, Diff: 0.7, Sum: 1.1]
      [Object Copy (ms): Min: 4.4, Avg: 4.5, Max: 4.8, Diff: 0.4, Sum: 18.1]
      [Termination (ms): Min: 0.0, Avg: 0.0, Max: 0.0, Diff: 0.0, Sum: 0.0]
         [Termination Attempts: Min: 1, Avg: 10.2, Max: 19, Diff: 18, Sum: 41]
      [GC Worker Other (ms): Min: 0.0, Avg: 0.0, Max: 0.0, Diff: 0.0, Sum: 0.1]
      [GC Worker Total (ms): Min: 5.8, Avg: 6.2, Max: 6.5, Diff: 0.7, Sum: 24.9]
      [GC Worker End (ms): Min: 1293.8, Avg: 1293.8, Max: 1293.8, Diff: 0.0]
   [Code Root Fixup: 0.0 ms]
   [Code Root Purge: 0.0 ms]
   [Clear CT: 0.3 ms]
   [Other: 6.6 ms]
      [Choose CSet: 0.0 ms]
      [Ref Proc: 4.6 ms]
      [Ref Enq: 0.0 ms]
      [Redirty Cards: 1.0 ms]
      [Humongous Register: 0.3 ms]
      [Humongous Reclaim: 0.0 ms]
      [Free CSet: 0.1 ms]
   [Eden: 52224.0K(52224.0K)->0.0B(45056.0K) Survivors: 0.0B->7168.0K Heap: 52224.0K(1024.0M)->8721.0K(1024.0M)]
 [Times: user=0.03 sys=0.00, real=0.02 secs] 
2021-01-01T17:18:39.723+0100: 1.506: [GC pause (Metadata GC Threshold) (young) (initial-mark), 0.0066155 secs]
   [Parallel Time: 4.8 ms, GC Workers: 4]
      [GC Worker Start (ms): Min: 1505.7, Avg: 1505.8, Max: 1505.8, Diff: 0.1]
      [Ext Root Scanning (ms): Min: 0.6, Avg: 0.9, Max: 1.0, Diff: 0.4, Sum: 3.4]
      [Update RS (ms): Min: 0.0, Avg: 0.1, Max: 0.2, Diff: 0.2, Sum: 0.3]
         [Processed Buffers: Min: 0, Avg: 0.5, Max: 1, Diff: 1, Sum: 2]
      [Scan RS (ms): Min: 0.0, Avg: 0.0, Max: 0.0, Diff: 0.0, Sum: 0.0]
      [Code Root Scanning (ms): Min: 0.0, Avg: 0.2, Max: 0.9, Diff: 0.9, Sum: 0.9]
      [Object Copy (ms): Min: 2.7, Avg: 3.5, Max: 4.0, Diff: 1.3, Sum: 13.9]
      [Termination (ms): Min: 0.0, Avg: 0.0, Max: 0.0, Diff: 0.0, Sum: 0.0]
         [Termination Attempts: Min: 1, Avg: 1.2, Max: 2, Diff: 1, Sum: 5]
      [GC Worker Other (ms): Min: 0.0, Avg: 0.0, Max: 0.0, Diff: 0.0, Sum: 0.0]
      [GC Worker Total (ms): Min: 4.6, Avg: 4.7, Max: 4.7, Diff: 0.1, Sum: 18.6]
      [GC Worker End (ms): Min: 1510.4, Avg: 1510.4, Max: 1510.4, Diff: 0.0]
   [Code Root Fixup: 0.0 ms]
   [Code Root Purge: 0.0 ms]
   [Clear CT: 0.1 ms]
   [Other: 1.7 ms]
      [Choose CSet: 0.0 ms]
      [Ref Proc: 1.3 ms]
      [Ref Enq: 0.0 ms]
      [Redirty Cards: 0.1 ms]
      [Humongous Register: 0.0 ms]
      [Humongous Reclaim: 0.0 ms]
      [Free CSet: 0.0 ms]
   [Eden: 17408.0K(45056.0K)->0.0B(45056.0K) Survivors: 7168.0K->7168.0K Heap: 26129.0K(1024.0M)->9133.5K(1024.0M)]
 [Times: user=0.02 sys=0.00, real=0.01 secs] 
2021-01-01T17:18:39.730+0100: 1.512: [GC concurrent-root-region-scan-start]
2021-01-01T17:18:39.737+0100: 1.519: [GC concurrent-root-region-scan-end, 0.0071804 secs]
2021-01-01T17:18:39.737+0100: 1.520: [GC concurrent-mark-start]
2021-01-01T17:18:39.739+0100: 1.521: [GC concurrent-mark-end, 0.0014822 secs]
2021-01-01T17:18:39.739+0100: 1.521: [GC remark 2021-01-01T17:18:39.739+0100: 1.521: [Finalize Marking, 0.0022707 secs] 2021-01-01T17:18:39.741+0100: 1.523: [GC ref-proc, 0.0002918 secs] 2021-01-01T17:18:39.741+0100: 1.524: [Unloading, 0.0033464 secs], 0.0125897 secs]
 [Times: user=0.02 sys=0.00, real=0.01 secs] 
2021-01-01T17:18:39.752+0100: 1.535: [GC cleanup 9645K->8621K(1024M), 0.0011767 secs]
 [Times: user=0.00 sys=0.00, real=0.00 secs] 
2021-01-01T17:18:39.754+0100: 1.536: [GC concurrent-cleanup-start]
2021-01-01T17:18:39.754+0100: 1.536: [GC concurrent-cleanup-end, 0.0000132 secs]
2021-01-01T17:18:41.156+0100: 2.939: [GC pause (G1 Evacuation Pause) (young), 0.0110175 secs]
   [Parallel Time: 8.8 ms, GC Workers: 4]
      [GC Worker Start (ms): Min: 2938.7, Avg: 2939.1, Max: 2940.2, Diff: 1.5]
      [Ext Root Scanning (ms): Min: 0.0, Avg: 0.9, Max: 2.1, Diff: 2.1, Sum: 3.7]
      [Update RS (ms): Min: 0.0, Avg: 0.1, Max: 0.3, Diff: 0.3, Sum: 0.3]
         [Processed Buffers: Min: 0, Avg: 0.8, Max: 2, Diff: 2, Sum: 3]
      [Scan RS (ms): Min: 0.0, Avg: 0.0, Max: 0.0, Diff: 0.0, Sum: 0.0]
      [Code Root Scanning (ms): Min: 0.0, Avg: 0.9, Max: 1.4, Diff: 1.4, Sum: 3.6]
      [Object Copy (ms): Min: 5.9, Avg: 6.4, Max: 6.6, Diff: 0.7, Sum: 25.5]
      [Termination (ms): Min: 0.0, Avg: 0.0, Max: 0.0, Diff: 0.0, Sum: 0.0]
         [Termination Attempts: Min: 1, Avg: 11.0, Max: 21, Diff: 20, Sum: 44]
      [GC Worker Other (ms): Min: 0.0, Avg: 0.0, Max: 0.0, Diff: 0.0, Sum: 0.0]
      [GC Worker Total (ms): Min: 7.2, Avg: 8.3, Max: 8.7, Diff: 1.5, Sum: 33.2]
      [GC Worker End (ms): Min: 2947.4, Avg: 2947.4, Max: 2947.4, Diff: 0.0]
   [Code Root Fixup: 0.1 ms]
   [Code Root Purge: 0.0 ms]
   [Clear CT: 0.2 ms]
   [Other: 1.9 ms]
      [Choose CSet: 0.0 ms]
      [Ref Proc: 1.5 ms]
      [Ref Enq: 0.0 ms]
      [Redirty Cards: 0.1 ms]
      [Humongous Register: 0.0 ms]
      [Humongous Reclaim: 0.0 ms]
      [Free CSet: 0.1 ms]
   [Eden: 45056.0K(45056.0K)->0.0B(45056.0K) Survivors: 7168.0K->7168.0K Heap: 179.9M(1024.0M)->139.7M(1024.0M)]
 [Times: user=0.04 sys=0.01, real=0.01 secs] 
2021-01-01T17:18:42.094+0100: 3.876: [GC pause (G1 Evacuation Pause) (young), 0.0137514 secs]
   [Parallel Time: 10.6 ms, GC Workers: 4]
      [GC Worker Start (ms): Min: 3876.0, Avg: 3876.0, Max: 3876.0, Diff: 0.0]
      [Ext Root Scanning (ms): Min: 1.4, Avg: 1.7, Max: 2.2, Diff: 0.7, Sum: 6.8]
      [Update RS (ms): Min: 0.0, Avg: 0.3, Max: 0.6, Diff: 0.6, Sum: 1.1]
         [Processed Buffers: Min: 0, Avg: 5.8, Max: 15, Diff: 15, Sum: 23]
      [Scan RS (ms): Min: 0.0, Avg: 0.3, Max: 0.5, Diff: 0.5, Sum: 1.2]
      [Code Root Scanning (ms): Min: 0.2, Avg: 1.1, Max: 3.6, Diff: 3.5, Sum: 4.3]
      [Object Copy (ms): Min: 5.3, Avg: 7.1, Max: 7.8, Diff: 2.6, Sum: 28.4]
      [Termination (ms): Min: 0.0, Avg: 0.1, Max: 0.1, Diff: 0.1, Sum: 0.4]
         [Termination Attempts: Min: 1, Avg: 1.0, Max: 1, Diff: 0, Sum: 4]
      [GC Worker Other (ms): Min: 0.0, Avg: 0.0, Max: 0.0, Diff: 0.0, Sum: 0.0]
      [GC Worker Total (ms): Min: 10.5, Avg: 10.6, Max: 10.6, Diff: 0.0, Sum: 42.2]
      [GC Worker End (ms): Min: 3886.6, Avg: 3886.6, Max: 3886.6, Diff: 0.0]
   [Code Root Fixup: 0.0 ms]
   [Code Root Purge: 0.0 ms]
   [Clear CT: 0.1 ms]
   [Other: 3.0 ms]
      [Choose CSet: 0.0 ms]
      [Ref Proc: 2.7 ms]
      [Ref Enq: 0.0 ms]
      [Redirty Cards: 0.0 ms]
      [Humongous Register: 0.0 ms]
      [Humongous Reclaim: 0.0 ms]
      [Free CSet: 0.0 ms]
   [Eden: 45056.0K(45056.0K)->0.0B(45056.0K) Survivors: 7168.0K->7168.0K Heap: 183.7M(1024.0M)->143.0M(1024.0M)]
 [Times: user=0.04 sys=0.00, real=0.02 secs] 
2021-01-01T17:18:42.900+0100: 4.682: [GC pause (Metadata GC Threshold) (young) (initial-mark), 0.0153339 secs]
   [Parallel Time: 14.1 ms, GC Workers: 4]
      [GC Worker Start (ms): Min: 4682.6, Avg: 4683.7, Max: 4684.8, Diff: 2.2]
      [Ext Root Scanning (ms): Min: 0.4, Avg: 1.7, Max: 2.3, Diff: 1.9, Sum: 6.8]
      [Update RS (ms): Min: 0.0, Avg: 0.2, Max: 0.5, Diff: 0.5, Sum: 1.0]
         [Processed Buffers: Min: 0, Avg: 3.2, Max: 7, Diff: 7, Sum: 13]
      [Scan RS (ms): Min: 0.0, Avg: 0.1, Max: 0.2, Diff: 0.2, Sum: 0.6]
      [Code Root Scanning (ms): Min: 0.0, Avg: 0.2, Max: 0.4, Diff: 0.4, Sum: 0.9]
      [Object Copy (ms): Min: 9.9, Avg: 10.4, Max: 10.7, Diff: 0.8, Sum: 41.4]
      [Termination (ms): Min: 0.0, Avg: 0.1, Max: 0.2, Diff: 0.2, Sum: 0.4]
         [Termination Attempts: Min: 1, Avg: 1.8, Max: 4, Diff: 3, Sum: 7]
      [GC Worker Other (ms): Min: 0.0, Avg: 0.0, Max: 0.0, Diff: 0.0, Sum: 0.0]
      [GC Worker Total (ms): Min: 11.7, Avg: 12.8, Max: 13.9, Diff: 2.2, Sum: 51.1]
      [GC Worker End (ms): Min: 4696.5, Avg: 4696.5, Max: 4696.5, Diff: 0.0]
   [Code Root Fixup: 0.0 ms]
   [Code Root Purge: 0.0 ms]
   [Clear CT: 0.1 ms]
   [Other: 1.1 ms]
      [Choose CSet: 0.0 ms]
      [Ref Proc: 0.6 ms]
      [Ref Enq: 0.0 ms]
      [Redirty Cards: 0.1 ms]
      [Humongous Register: 0.1 ms]
      [Humongous Reclaim: 0.0 ms]
      [Free CSet: 0.0 ms]
   [Eden: 19456.0K(45056.0K)->0.0B(47104.0K) Survivors: 7168.0K->5120.0K Heap: 161.6M(1024.0M)->144.5M(1024.0M)]
 [Times: user=0.04 sys=0.00, real=0.02 secs] 
2021-01-01T17:18:42.915+0100: 4.698: [GC concurrent-root-region-scan-start]
2021-01-01T17:18:42.926+0100: 4.709: [GC concurrent-root-region-scan-end, 0.0110512 secs]
2021-01-01T17:18:42.926+0100: 4.709: [GC concurrent-mark-start]
2021-01-01T17:18:42.973+0100: 4.755: [GC concurrent-mark-end, 0.0464449 secs]
2021-01-01T17:18:42.973+0100: 4.756: [GC remark 2021-01-01T17:18:42.973+0100: 4.756: [Finalize Marking, 0.0013961 secs] 2021-01-01T17:18:42.975+0100: 4.757: [GC ref-proc, 0.0007700 secs] 2021-01-01T17:18:42.975+0100: 4.758: [Unloading, 0.0122162 secs], 0.0167880 secs]
 [Times: user=0.02 sys=0.01, real=0.02 secs] 
2021-01-01T17:18:42.990+0100: 4.773: [GC cleanup 146M->142M(1024M), 0.0010003 secs]
 [Times: user=0.00 sys=0.00, real=0.00 secs] 
2021-01-01T17:18:42.991+0100: 4.774: [GC concurrent-cleanup-start]
2021-01-01T17:18:42.991+0100: 4.774: [GC concurrent-cleanup-end, 0.0000167 secs]
2021-01-01T17:24:10.937+0100: 332.719: [GC pause (G1 Evacuation Pause) (young), 0.0109311 secs]
   [Parallel Time: 9.6 ms, GC Workers: 4]
      [GC Worker Start (ms): Min: 332719.2, Avg: 332719.3, Max: 332719.3, Diff: 0.1]
      [Ext Root Scanning (ms): Min: 1.0, Avg: 1.5, Max: 2.6, Diff: 1.5, Sum: 5.9]
      [Update RS (ms): Min: 0.3, Avg: 1.0, Max: 1.3, Diff: 1.0, Sum: 3.9]
         [Processed Buffers: Min: 9, Avg: 11.2, Max: 13, Diff: 4, Sum: 45]
      [Scan RS (ms): Min: 0.2, Avg: 0.4, Max: 0.5, Diff: 0.3, Sum: 1.6]
      [Code Root Scanning (ms): Min: 0.2, Avg: 0.5, Max: 0.8, Diff: 0.6, Sum: 1.8]
      [Object Copy (ms): Min: 5.4, Avg: 6.2, Max: 6.5, Diff: 1.1, Sum: 24.6]
      [Termination (ms): Min: 0.0, Avg: 0.0, Max: 0.0, Diff: 0.0, Sum: 0.0]
         [Termination Attempts: Min: 1, Avg: 1.0, Max: 1, Diff: 0, Sum: 4]
      [GC Worker Other (ms): Min: 0.0, Avg: 0.0, Max: 0.0, Diff: 0.0, Sum: 0.1]
      [GC Worker Total (ms): Min: 9.4, Avg: 9.5, Max: 9.5, Diff: 0.1, Sum: 38.0]
      [GC Worker End (ms): Min: 332728.8, Avg: 332728.8, Max: 332728.8, Diff: 0.0]
   [Code Root Fixup: 0.0 ms]
   [Code Root Purge: 0.0 ms]
   [Clear CT: 0.1 ms]
   [Other: 1.1 ms]
      [Choose CSet: 0.0 ms]
      [Ref Proc: 0.7 ms]
      [Ref Enq: 0.0 ms]
      [Redirty Cards: 0.0 ms]
      [Humongous Register: 0.0 ms]
      [Humongous Reclaim: 0.0 ms]
      [Free CSet: 0.1 ms]
   [Eden: 47104.0K(47104.0K)->0.0B(47104.0K) Survivors: 5120.0K->5120.0K Heap: 206.5M(1024.0M)->144.0M(1024.0M)]
 [Times: user=0.04 sys=0.00, real=0.01 secs] 
2021-01-01T17:32:15.559+0100: 817.341: [GC pause (G1 Evacuation Pause) (young), 0.0104743 secs]
   [Parallel Time: 9.1 ms, GC Workers: 4]
      [GC Worker Start (ms): Min: 817341.2, Avg: 817341.3, Max: 817341.3, Diff: 0.1]
      [Ext Root Scanning (ms): Min: 0.7, Avg: 1.1, Max: 1.9, Diff: 1.1, Sum: 4.3]
      [Update RS (ms): Min: 1.3, Avg: 1.8, Max: 2.0, Diff: 0.6, Sum: 7.1]
         [Processed Buffers: Min: 1, Avg: 13.0, Max: 22, Diff: 21, Sum: 52]
      [Scan RS (ms): Min: 0.8, Avg: 1.1, Max: 1.4, Diff: 0.6, Sum: 4.3]
      [Code Root Scanning (ms): Min: 0.1, Avg: 0.6, Max: 0.9, Diff: 0.8, Sum: 2.4]
      [Object Copy (ms): Min: 3.8, Avg: 4.4, Max: 4.8, Diff: 1.0, Sum: 17.4]
      [Termination (ms): Min: 0.0, Avg: 0.0, Max: 0.0, Diff: 0.0, Sum: 0.0]
         [Termination Attempts: Min: 1, Avg: 1.2, Max: 2, Diff: 1, Sum: 5]
      [GC Worker Other (ms): Min: 0.0, Avg: 0.0, Max: 0.0, Diff: 0.0, Sum: 0.1]
      [GC Worker Total (ms): Min: 8.9, Avg: 8.9, Max: 9.0, Diff: 0.1, Sum: 35.7]
      [GC Worker End (ms): Min: 817350.2, Avg: 817350.2, Max: 817350.2, Diff: 0.0]
   [Code Root Fixup: 0.1 ms]
   [Code Root Purge: 0.0 ms]
   [Clear CT: 0.1 ms]
   [Other: 1.2 ms]
      [Choose CSet: 0.0 ms]
      [Ref Proc: 0.7 ms]
      [Ref Enq: 0.0 ms]
      [Redirty Cards: 0.1 ms]
      [Humongous Register: 0.0 ms]
      [Humongous Reclaim: 0.0 ms]
      [Free CSet: 0.1 ms]
   [Eden: 47104.0K(47104.0K)->0.0B(47104.0K) Survivors: 5120.0K->5120.0K Heap: 190.0M(1024.0M)->144.0M(1024.0M)]
 [Times: user=0.04 sys=0.00, real=0.01 secs] 
2021-01-01T17:41:37.878+0100: 1379.660: [GC pause (G1 Evacuation Pause) (young), 0.0114825 secs]
   [Parallel Time: 10.1 ms, GC Workers: 4]
      [GC Worker Start (ms): Min: 1379660.2, Avg: 1379660.2, Max: 1379660.3, Diff: 0.1]
      [Ext Root Scanning (ms): Min: 1.1, Avg: 1.4, Max: 2.5, Diff: 1.5, Sum: 5.8]
      [Update RS (ms): Min: 1.2, Avg: 2.0, Max: 2.3, Diff: 1.1, Sum: 8.1]
         [Processed Buffers: Min: 2, Avg: 9.2, Max: 18, Diff: 16, Sum: 37]
      [Scan RS (ms): Min: 0.0, Avg: 0.0, Max: 0.0, Diff: 0.0, Sum: 0.1]
      [Code Root Scanning (ms): Min: 0.0, Avg: 0.9, Max: 1.7, Diff: 1.7, Sum: 3.6]
      [Object Copy (ms): Min: 4.5, Avg: 5.5, Max: 6.6, Diff: 2.1, Sum: 22.2]
      [Termination (ms): Min: 0.0, Avg: 0.0, Max: 0.0, Diff: 0.0, Sum: 0.0]
         [Termination Attempts: Min: 1, Avg: 1.0, Max: 1, Diff: 0, Sum: 4]
      [GC Worker Other (ms): Min: 0.0, Avg: 0.0, Max: 0.0, Diff: 0.0, Sum: 0.1]
      [GC Worker Total (ms): Min: 9.9, Avg: 9.9, Max: 10.0, Diff: 0.1, Sum: 39.8]
      [GC Worker End (ms): Min: 1379670.2, Avg: 1379670.2, Max: 1379670.2, Diff: 0.0]
   [Code Root Fixup: 0.1 ms]
   [Code Root Purge: 0.0 ms]
   [Clear CT: 0.2 ms]
   [Other: 1.0 ms]
      [Choose CSet: 0.0 ms]
      [Ref Proc: 0.6 ms]
      [Ref Enq: 0.0 ms]
      [Redirty Cards: 0.1 ms]
      [Humongous Register: 0.1 ms]
      [Humongous Reclaim: 0.0 ms]
      [Free CSet: 0.1 ms]
   [Eden: 47104.0K(47104.0K)->0.0B(47104.0K) Survivors: 5120.0K->5120.0K Heap: 190.0M(1024.0M)->144.0M(1024.0M)]
 [Times: user=0.04 sys=0.00, real=0.01 secs] 
2021-01-01T17:50:22.877+0100: 1904.660: [GC pause (G1 Evacuation Pause) (young), 0.0131689 secs]
   [Parallel Time: 12.1 ms, GC Workers: 4]
      [GC Worker Start (ms): Min: 1904659.9, Avg: 1904660.0, Max: 1904660.0, Diff: 0.1]
      [Ext Root Scanning (ms): Min: 1.0, Avg: 1.4, Max: 2.5, Diff: 1.4, Sum: 5.8]
      [Update RS (ms): Min: 1.3, Avg: 2.1, Max: 2.7, Diff: 1.4, Sum: 8.6]
         [Processed Buffers: Min: 2, Avg: 9.8, Max: 28, Diff: 26, Sum: 39]
      [Scan RS (ms): Min: 0.0, Avg: 0.2, Max: 0.3, Diff: 0.3, Sum: 0.7]
      [Code Root Scanning (ms): Min: 0.0, Avg: 1.6, Max: 3.4, Diff: 3.4, Sum: 6.3]
      [Object Copy (ms): Min: 4.8, Avg: 6.6, Max: 8.1, Diff: 3.3, Sum: 26.3]
      [Termination (ms): Min: 0.0, Avg: 0.0, Max: 0.0, Diff: 0.0, Sum: 0.0]
         [Termination Attempts: Min: 1, Avg: 1.0, Max: 1, Diff: 0, Sum: 4]
      [GC Worker Other (ms): Min: 0.0, Avg: 0.0, Max: 0.0, Diff: 0.0, Sum: 0.1]
      [GC Worker Total (ms): Min: 11.9, Avg: 11.9, Max: 12.0, Diff: 0.1, Sum: 47.7]
      [GC Worker End (ms): Min: 1904671.9, Avg: 1904671.9, Max: 1904671.9, Diff: 0.0]
   [Code Root Fixup: 0.1 ms]
   [Code Root Purge: 0.0 ms]
   [Clear CT: 0.2 ms]
   [Other: 0.8 ms]
      [Choose CSet: 0.0 ms]
      [Ref Proc: 0.3 ms]
      [Ref Enq: 0.0 ms]
      [Redirty Cards: 0.1 ms]
      [Humongous Register: 0.1 ms]
      [Humongous Reclaim: 0.0 ms]
      [Free CSet: 0.1 ms]
   [Eden: 47104.0K(47104.0K)->0.0B(47104.0K) Survivors: 5120.0K->5120.0K Heap: 190.0M(1024.0M)->144.5M(1024.0M)]
 [Times: user=0.05 sys=0.00, real=0.01 secs] 
<<<<<<< HEAD
2021-01-01T18:00:10.763+0100: 2492.545: [GC pause (G1 Evacuation Pause) (young), 0.0119942 secs]
   [Parallel Time: 10.4 ms, GC Workers: 4]
      [GC Worker Start (ms): Min: 2492545.3, Avg: 2492545.4, Max: 2492545.4, Diff: 0.1]
      [Ext Root Scanning (ms): Min: 0.7, Avg: 1.1, Max: 1.8, Diff: 1.1, Sum: 4.3]
      [Update RS (ms): Min: 0.8, Avg: 1.4, Max: 1.7, Diff: 0.8, Sum: 5.5]
         [Processed Buffers: Min: 2, Avg: 8.2, Max: 19, Diff: 17, Sum: 33]
      [Scan RS (ms): Min: 0.1, Avg: 0.2, Max: 0.3, Diff: 0.2, Sum: 0.9]
      [Code Root Scanning (ms): Min: 0.0, Avg: 1.0, Max: 2.2, Diff: 2.2, Sum: 4.1]
      [Object Copy (ms): Min: 5.4, Avg: 6.6, Max: 7.6, Diff: 2.2, Sum: 26.4]
      [Termination (ms): Min: 0.0, Avg: 0.0, Max: 0.0, Diff: 0.0, Sum: 0.0]
         [Termination Attempts: Min: 1, Avg: 1.0, Max: 1, Diff: 0, Sum: 4]
      [GC Worker Other (ms): Min: 0.0, Avg: 0.0, Max: 0.0, Diff: 0.0, Sum: 0.1]
      [GC Worker Total (ms): Min: 10.3, Avg: 10.3, Max: 10.4, Diff: 0.1, Sum: 41.3]
      [GC Worker End (ms): Min: 2492555.7, Avg: 2492555.7, Max: 2492555.7, Diff: 0.0]
   [Code Root Fixup: 0.1 ms]
   [Code Root Purge: 0.0 ms]
   [Clear CT: 0.2 ms]
   [Other: 1.3 ms]
      [Choose CSet: 0.0 ms]
      [Ref Proc: 0.8 ms]
      [Ref Enq: 0.0 ms]
      [Redirty Cards: 0.1 ms]
      [Humongous Register: 0.0 ms]
      [Humongous Reclaim: 0.0 ms]
      [Free CSet: 0.1 ms]
   [Eden: 47104.0K(47104.0K)->0.0B(47104.0K) Survivors: 5120.0K->5120.0K Heap: 190.5M(1024.0M)->144.6M(1024.0M)]
 [Times: user=0.04 sys=0.00, real=0.02 secs] 
2021-01-01T18:07:54.748+0100: 2956.530: [GC pause (G1 Evacuation Pause) (young), 0.0094364 secs]
   [Parallel Time: 8.3 ms, GC Workers: 4]
      [GC Worker Start (ms): Min: 2956530.4, Avg: 2956531.2, Max: 2956532.2, Diff: 1.8]
      [Ext Root Scanning (ms): Min: 0.0, Avg: 0.7, Max: 1.4, Diff: 1.4, Sum: 2.7]
      [Update RS (ms): Min: 0.5, Avg: 0.8, Max: 1.0, Diff: 0.5, Sum: 3.0]
         [Processed Buffers: Min: 9, Avg: 11.0, Max: 14, Diff: 5, Sum: 44]
      [Scan RS (ms): Min: 0.2, Avg: 0.3, Max: 0.4, Diff: 0.2, Sum: 1.3]
      [Code Root Scanning (ms): Min: 0.0, Avg: 0.5, Max: 1.0, Diff: 1.0, Sum: 1.9]
      [Object Copy (ms): Min: 3.4, Avg: 4.2, Max: 5.5, Diff: 2.1, Sum: 16.7]
      [Termination (ms): Min: 0.0, Avg: 1.0, Max: 1.3, Diff: 1.3, Sum: 3.9]
         [Termination Attempts: Min: 1, Avg: 1.2, Max: 2, Diff: 1, Sum: 5]
      [GC Worker Other (ms): Min: 0.0, Avg: 0.0, Max: 0.0, Diff: 0.0, Sum: 0.0]
      [GC Worker Total (ms): Min: 6.4, Avg: 7.4, Max: 8.2, Diff: 1.8, Sum: 29.7]
      [GC Worker End (ms): Min: 2956538.6, Avg: 2956538.6, Max: 2956538.6, Diff: 0.0]
   [Code Root Fixup: 0.1 ms]
   [Code Root Purge: 0.0 ms]
   [Clear CT: 0.1 ms]
   [Other: 1.0 ms]
      [Choose CSet: 0.0 ms]
      [Ref Proc: 0.6 ms]
      [Ref Enq: 0.0 ms]
      [Redirty Cards: 0.0 ms]
      [Humongous Register: 0.1 ms]
      [Humongous Reclaim: 0.0 ms]
      [Free CSet: 0.1 ms]
   [Eden: 47104.0K(47104.0K)->0.0B(62464.0K) Survivors: 5120.0K->5120.0K Heap: 190.6M(1024.0M)->144.6M(1024.0M)]
 [Times: user=0.03 sys=0.00, real=0.01 secs] 
2021-01-01T18:16:59.302+0100: 3501.085: [GC pause (G1 Evacuation Pause) (young), 0.0212402 secs]
   [Parallel Time: 12.5 ms, GC Workers: 4]
      [GC Worker Start (ms): Min: 3501085.1, Avg: 3501086.6, Max: 3501087.7, Diff: 2.5]
      [Ext Root Scanning (ms): Min: 0.0, Avg: 0.6, Max: 1.6, Diff: 1.6, Sum: 2.5]
      [Update RS (ms): Min: 0.5, Avg: 0.8, Max: 1.2, Diff: 0.7, Sum: 3.4]
         [Processed Buffers: Min: 2, Avg: 8.5, Max: 14, Diff: 12, Sum: 34]
      [Scan RS (ms): Min: 0.0, Avg: 0.0, Max: 0.0, Diff: 0.0, Sum: 0.1]
      [Code Root Scanning (ms): Min: 0.0, Avg: 2.4, Max: 7.6, Diff: 7.6, Sum: 9.4]
      [Object Copy (ms): Min: 0.7, Avg: 5.9, Max: 8.3, Diff: 7.6, Sum: 23.5]
      [Termination (ms): Min: 0.0, Avg: 0.1, Max: 0.3, Diff: 0.3, Sum: 0.5]
         [Termination Attempts: Min: 1, Avg: 1.2, Max: 2, Diff: 1, Sum: 5]
      [GC Worker Other (ms): Min: 0.0, Avg: 0.0, Max: 0.0, Diff: 0.0, Sum: 0.1]
      [GC Worker Total (ms): Min: 8.8, Avg: 9.9, Max: 11.4, Diff: 2.7, Sum: 39.4]
      [GC Worker End (ms): Min: 3501096.4, Avg: 3501096.4, Max: 3501096.6, Diff: 0.2]
   [Code Root Fixup: 0.1 ms]
   [Code Root Purge: 0.0 ms]
   [Clear CT: 0.1 ms]
   [Other: 8.5 ms]
      [Choose CSet: 0.0 ms]
      [Ref Proc: 8.0 ms]
      [Ref Enq: 0.0 ms]
      [Redirty Cards: 0.1 ms]
      [Humongous Register: 0.1 ms]
      [Humongous Reclaim: 0.0 ms]
      [Free CSet: 0.1 ms]
   [Eden: 62464.0K(62464.0K)->0.0B(47104.0K) Survivors: 5120.0K->5120.0K Heap: 205.6M(1024.0M)->144.6M(1024.0M)]
 [Times: user=0.03 sys=0.00, real=0.02 secs] 
2021-01-01T18:22:22.877+0100: 3824.659: [GC pause (G1 Evacuation Pause) (young), 0.0132946 secs]
   [Parallel Time: 12.0 ms, GC Workers: 4]
      [GC Worker Start (ms): Min: 3824659.5, Avg: 3824659.6, Max: 3824659.6, Diff: 0.1]
      [Ext Root Scanning (ms): Min: 1.0, Avg: 1.3, Max: 2.2, Diff: 1.2, Sum: 5.4]
      [Update RS (ms): Min: 1.9, Avg: 2.4, Max: 2.8, Diff: 0.9, Sum: 9.6]
         [Processed Buffers: Min: 2, Avg: 8.2, Max: 23, Diff: 21, Sum: 33]
      [Scan RS (ms): Min: 0.0, Avg: 0.0, Max: 0.0, Diff: 0.0, Sum: 0.1]
      [Code Root Scanning (ms): Min: 0.0, Avg: 1.5, Max: 4.6, Diff: 4.6, Sum: 5.9]
      [Object Copy (ms): Min: 3.1, Avg: 6.6, Max: 8.1, Diff: 4.9, Sum: 26.5]
      [Termination (ms): Min: 0.0, Avg: 0.0, Max: 0.0, Diff: 0.0, Sum: 0.0]
         [Termination Attempts: Min: 1, Avg: 1.8, Max: 3, Diff: 2, Sum: 7]
      [GC Worker Other (ms): Min: 0.0, Avg: 0.0, Max: 0.0, Diff: 0.0, Sum: 0.1]
      [GC Worker Total (ms): Min: 11.8, Avg: 11.9, Max: 12.0, Diff: 0.1, Sum: 47.5]
      [GC Worker End (ms): Min: 3824671.5, Avg: 3824671.5, Max: 3824671.5, Diff: 0.0]
   [Code Root Fixup: 0.1 ms]
   [Code Root Purge: 0.0 ms]
   [Clear CT: 0.2 ms]
   [Other: 0.9 ms]
      [Choose CSet: 0.0 ms]
      [Ref Proc: 0.4 ms]
      [Ref Enq: 0.0 ms]
      [Redirty Cards: 0.2 ms]
      [Humongous Register: 0.1 ms]
      [Humongous Reclaim: 0.0 ms]
      [Free CSet: 0.1 ms]
   [Eden: 47104.0K(47104.0K)->0.0B(49152.0K) Survivors: 5120.0K->5120.0K Heap: 190.6M(1024.0M)->144.6M(1024.0M)]
 [Times: user=0.05 sys=0.00, real=0.01 secs] 
2021-01-01T18:29:37.669+0100: 4259.452: [GC pause (G1 Evacuation Pause) (young), 0.0136762 secs]
   [Parallel Time: 12.5 ms, GC Workers: 4]
      [GC Worker Start (ms): Min: 4259452.0, Avg: 4259452.1, Max: 4259452.1, Diff: 0.1]
      [Ext Root Scanning (ms): Min: 1.1, Avg: 1.4, Max: 2.2, Diff: 1.1, Sum: 5.8]
      [Update RS (ms): Min: 2.1, Avg: 2.5, Max: 2.9, Diff: 0.8, Sum: 10.1]
         [Processed Buffers: Min: 2, Avg: 8.5, Max: 15, Diff: 13, Sum: 34]
      [Scan RS (ms): Min: 0.0, Avg: 0.0, Max: 0.0, Diff: 0.0, Sum: 0.1]
      [Code Root Scanning (ms): Min: 0.0, Avg: 2.3, Max: 4.7, Diff: 4.7, Sum: 9.0]
      [Object Copy (ms): Min: 3.9, Avg: 6.0, Max: 8.2, Diff: 4.2, Sum: 24.0]
      [Termination (ms): Min: 0.0, Avg: 0.0, Max: 0.0, Diff: 0.0, Sum: 0.0]
         [Termination Attempts: Min: 1, Avg: 1.0, Max: 1, Diff: 0, Sum: 4]
      [GC Worker Other (ms): Min: 0.0, Avg: 0.0, Max: 0.0, Diff: 0.0, Sum: 0.1]
      [GC Worker Total (ms): Min: 12.2, Avg: 12.3, Max: 12.3, Diff: 0.1, Sum: 49.2]
      [GC Worker End (ms): Min: 4259464.3, Avg: 4259464.4, Max: 4259464.4, Diff: 0.0]
   [Code Root Fixup: 0.1 ms]
   [Code Root Purge: 0.0 ms]
   [Clear CT: 0.1 ms]
   [Other: 1.0 ms]
      [Choose CSet: 0.0 ms]
      [Ref Proc: 0.2 ms]
      [Ref Enq: 0.0 ms]
      [Redirty Cards: 0.0 ms]
      [Humongous Register: 0.1 ms]
      [Humongous Reclaim: 0.0 ms]
      [Free CSet: 0.0 ms]
   [Eden: 49152.0K(49152.0K)->0.0B(102.0M) Survivors: 5120.0K->6144.0K Heap: 192.6M(1024.0M)->145.6M(1024.0M)]
 [Times: user=0.05 sys=0.00, real=0.01 secs] 
2021-01-01T18:42:46.293+0100: 5048.075: [GC pause (G1 Evacuation Pause) (young), 0.0092648 secs]
   [Parallel Time: 8.4 ms, GC Workers: 4]
      [GC Worker Start (ms): Min: 5048075.3, Avg: 5048075.3, Max: 5048075.3, Diff: 0.0]
      [Ext Root Scanning (ms): Min: 0.9, Avg: 1.0, Max: 1.3, Diff: 0.4, Sum: 4.2]
      [Update RS (ms): Min: 0.8, Avg: 0.9, Max: 1.0, Diff: 0.1, Sum: 3.6]
         [Processed Buffers: Min: 11, Avg: 12.2, Max: 14, Diff: 3, Sum: 49]
      [Scan RS (ms): Min: 0.2, Avg: 0.4, Max: 0.5, Diff: 0.3, Sum: 1.5]
      [Code Root Scanning (ms): Min: 0.0, Avg: 0.6, Max: 1.4, Diff: 1.4, Sum: 2.4]
      [Object Copy (ms): Min: 4.6, Avg: 5.3, Max: 5.9, Diff: 1.2, Sum: 21.3]
      [Termination (ms): Min: 0.0, Avg: 0.0, Max: 0.0, Diff: 0.0, Sum: 0.0]
         [Termination Attempts: Min: 1, Avg: 1.0, Max: 1, Diff: 0, Sum: 4]
      [GC Worker Other (ms): Min: 0.0, Avg: 0.0, Max: 0.0, Diff: 0.0, Sum: 0.1]
      [GC Worker Total (ms): Min: 8.3, Avg: 8.3, Max: 8.3, Diff: 0.0, Sum: 33.1]
      [GC Worker End (ms): Min: 5048083.6, Avg: 5048083.6, Max: 5048083.6, Diff: 0.0]
   [Code Root Fixup: 0.1 ms]
   [Code Root Purge: 0.0 ms]
   [Clear CT: 0.1 ms]
   [Other: 0.7 ms]
      [Choose CSet: 0.0 ms]
      [Ref Proc: 0.4 ms]
      [Ref Enq: 0.0 ms]
      [Redirty Cards: 0.0 ms]
      [Humongous Register: 0.0 ms]
      [Humongous Reclaim: 0.0 ms]
      [Free CSet: 0.1 ms]
   [Eden: 97280.0K(46080.0K)->0.0B(158.0M) Survivors: 6144.0K->5120.0K Heap: 240.6M(1024.0M)->145.6M(1024.0M)]
 [Times: user=0.04 sys=0.01, real=0.01 secs] 
Heap
 garbage-first heap   total 1048576K, used 160334K [0x00000000c0000000, 0x00000000c0102000, 0x0000000100000000)
  region size 1024K, 17 young (17408K), 5 survivors (5120K)
 Metaspace       used 38225K, capacity 43164K, committed 43440K, reserved 1087488K
  class space    used 5284K, capacity 5758K, committed 5808K, reserved 1048576K
=======
>>>>>>> 1678ec4565d21471b35cf30a3127b25d14841b1f
>>>>>>> 177d9517f3e5a24d12c5d2a4dbfe02f5278409f3
